[humorous-cues-870226.framer.app/index.html]
[backblue.gif]
[fade.gif]
[index.html]
[framerusercontent.com/images/QLr3yxQsvcKZl6fQTHbmdhBgFtA.png]
[framerusercontent.com/images/fH9rEgxPthuHNYc9lsNncnS6JA6af9.jpg]
[framerusercontent.com/images/04UzlWS9hRM3pvjJPIvU6LcnDeAd1a4.png]
[framerusercontent.com/images/ViWUpeAMfkuAGEwaZZEG6MFStEU5084.png]
[framerusercontent.com/images/Uj8TCzynb6cLFAFQ4Nqs89KaY489f.png]
[framerusercontent.com/images/1KrrWuy6t7hwIANrCbS3LDHlErk0461.png]
[framerusercontent.com/images/zSEgEgAPx6KXftVREnVgCa9ZDzQa956.png]
[framerusercontent.com/images/Xkl4pO4WLCK3iF2A2zQJEOsQc6875.jpg]
[framerusercontent.com/images/iL1g2JceXoecOESZCnxxGh4SA9933.jpg]
[framerusercontent.com/images/F8bRxnZXtathTlYe6oa9P55kjsY7193.jpg]
[framerusercontent.com/images/WWbcr9xA8ezJ0nrGh99vBWXbBs9933.jpg]
[framerusercontent.com/images/w0yAL3pRD3X9V49mhObrXB538Ykbefb.jpg]
[framerusercontent.com/images/XEWzQPRb7nleh2iTAVr00xt4sw8ae4.png]
[framerusercontent.com/images/Uy5Y7T7MerJRWrsUvEHjBRTEug8ae4.png]
[framerusercontent.com/images/vPUA7oFuxS1qlr1TpNrBBYpmM8ae4.png]
[framerusercontent.com/images/oUiFGg5P0tDFnEzRqTgs7F6MxEU6b83.png]
[framerusercontent.com/images/S43L75aPTiKRrSJf8Jo3t3RUXwwb8fb.png]
[framerusercontent.com/images/e0DzSJJUMhcEEGh2o5HdRQC5Hwb8fb.png]
[framerusercontent.com/images/ESme8nT5onUqIsqagKKqnh5ob8fb.png]
[framerusercontent.com/images/puRg8fhE86dQspQRQ4zo2xAYb8fb.png]
[framerusercontent.com/images/Aqk9rHMP8pRiQu69QqMjCOc2L4b8fb.png]
[framerusercontent.com/images/Rfi8Dzlz5SKxegez4irAvX21mkb021.jpg]
[framerusercontent.com/sites/5Y9DEQxMCvbMN9jRxVBSwL/rolldown-runtime.B4wv_OQa.mjs]
[framerusercontent.com/sites/5Y9DEQxMCvbMN9jRxVBSwL/react.BbTcCEgk.mjs]
[framerusercontent.com/sites/5Y9DEQxMCvbMN9jRxVBSwL/motion.Y8vdZXM2.mjs]
[framerusercontent.com/sites/5Y9DEQxMCvbMN9jRxVBSwL/framer.C7GggJG3.mjs]
[framerusercontent.com/sites/5Y9DEQxMCvbMN9jRxVBSwL/shared-lib.BJfYPq2p.mjs]
[framerusercontent.com/sites/5Y9DEQxMCvbMN9jRxVBSwL/OAmzKixG3.C3E4K1yq.mjs]
[framerusercontent.com/sites/5Y9DEQxMCvbMN9jRxVBSwL/2aFneyAlC-e6JpXK_GkNAnCZcbFlansMwA4eaXgxhTk.ioasbFaQ.mjs]
[framerusercontent.com/sites/5Y9DEQxMCvbMN9jRxVBSwL/GIXEsvSRK.BqE6CILE.mjs]
[humorous-cues-870226.framer.app/index.html]
[framerusercontent.com/sites/5Y9DEQxMCvbMN9jRxVBSwL/script_main.B_KufGmO.mjs]
[fonts.gstatic.com/index.html]
[framerusercontent.com/images/04UzlWS9hRM3pvjJPIvU6LcnDeAd1a4.png]
[framerusercontent.com/images/fH9rEgxPthuHNYc9lsNncnS6JA6af9.jpg]
[framerusercontent.com/images/Xkl4pO4WLCK3iF2A2zQJEOsQc6875.jpg]
[framerusercontent.com/images/5YzSbryotrBzJDVnxWdoO50Wc7930.svg]
[framerusercontent.com/images/iL1g2JceXoecOESZCnxxGh4SA9933.jpg]
[framerusercontent.com/images/F8bRxnZXtathTlYe6oa9P55kjsY7193.jpg]
[framerusercontent.com/images/WWbcr9xA8ezJ0nrGh99vBWXbBs9933.jpg]
[framerusercontent.com/images/w0yAL3pRD3X9V49mhObrXB538Ykbefb.jpg]
[framerusercontent.com/images/vPUA7oFuxS1qlr1TpNrBBYpmM8ae4.png]
[framerusercontent.com/images/oUiFGg5P0tDFnEzRqTgs7F6MxEU6b83.png]
[framerusercontent.com/images/e0DzSJJUMhcEEGh2o5HdRQC5Hwb8fb.png]
[framerusercontent.com/images/S43L75aPTiKRrSJf8Jo3t3RUXwwb8fb.png]
[framerusercontent.com/images/tEzcLHiec4GbqaRoZhpBbWc18mI6157.svg]
[framerusercontent.com/images/ESme8nT5onUqIsqagKKqnh5ob8fb.png]
[framerusercontent.com/images/O0bOor0hO76GQ0DZjtTYXbMew6157.svg]
[framerusercontent.com/images/puRg8fhE86dQspQRQ4zo2xAYb8fb.png]
[framerusercontent.com/images/TTZ62FEtZDMeSZdqiivrcLw73go20cf.svg]
[framerusercontent.com/images/1EdiAQPtZngDAXZvIBVt6YZQMOs7739.svg]
[framerusercontent.com/images/Aqk9rHMP8pRiQu69QqMjCOc2L4b8fb.png]
[framerusercontent.com/images/Rfi8Dzlz5SKxegez4irAvX21mkb021.jpg]
[framerusercontent.com/images/nK5FIrBu2W1QnWt7F7A76OOkNzs48e8.svg]
[framerusercontent.com/images/qASKRnUc5NcULrxYrJP31AKMQY7739.svg]
[framerusercontent.com/sites/5Y9DEQxMCvbMN9jRxVBSwL/react.BbTcCEgk.mjs]
[framerusercontent.com/images/SJsjSKaZDYOSRjlGEaPo28mdbp87739.svg]
[framerusercontent.com/sites/5Y9DEQxMCvbMN9jRxVBSwL/motion.Y8vdZXM2.mjs]
[framerusercontent.com/images/qZeNjj6DIXgksqzzaIH2krvnvQ7739.svg]
[framerusercontent.com/sites/5Y9DEQxMCvbMN9jRxVBSwL/shared-lib.BJfYPq2p.mjs]
[framerusercontent.com/sites/5Y9DEQxMCvbMN9jRxVBSwL/framer.C7GggJG3.mjs]
[framerusercontent.com/images/geuBUZ44SqcIV5YYQr9Bc8AcY3328.svg]
[framerusercontent.com/sites/5Y9DEQxMCvbMN9jRxVBSwL/OAmzKixG3.C3E4K1yq.mjs]
[framerusercontent.com/sites/5Y9DEQxMCvbMN9jRxVBSwL/2aFneyAlC-e6JpXK_GkNAnCZcbFlansMwA4eaXgxhTk.ioasbFaQ.mjs]
[framerusercontent.com/images/ecSRtL563VKuHAntjYhDI8CLcUk2857.svg]
[framerusercontent.com/images/5uhuuXB4iXGYz9zd8zsdXUUWU2857.svg]
[framerusercontent.com/images/OhumfgUHgpwyjoAftj3DACzba0.svg]
[framerusercontent.com/sites/5Y9DEQxMCvbMN9jRxVBSwL/script_main.B_KufGmO.mjs]
